// Vitest Snapshot v1, https://vitest.dev/guide/snapshot.html

exports[`Regexp > flags > should correctly parse flags 1`] = `
{
  "body": {
    "charCode": 97,
    "end": 1,
    "kind": "Char",
    "start": 1,
    "type": "Simple",
    "value": "a",
  },
  "end": 8,
  "flags": "gimsuy",
  "kind": "Regexp",
  "start": 0,
}
`;
