// Vitest Snapshot v1, https://vitest.dev/guide/snapshot.html

exports[`Simple char > should correctly parse simple value 1`] = `
{
  "body": {
    "charCode": 97,
    "end": 1,
    "kind": "Char",
    "start": 1,
    "type": "Simple",
    "value": "a",
  },
  "end": 2,
  "flags": "",
  "kind": "Regexp",
  "start": 0,
}
`;
