// Vitest Snapshot v1

exports[`Backspace > should correctly parse backspace 1`] = `
{
  "body": {
    "end": 4,
    "kind": 10,
    "start": 1,
  },
  "end": 5,
  "flags": "",
  "kind": 0,
  "start": 0,
}
`;
