// Vitest Snapshot v1, https://vitest.dev/guide/snapshot.html

exports[`fillExpressions > should propagate error 1`] = `
{
  "error": [Error: This is 2.],
  "match": false,
}
`;

exports[`fillExpressions > should work 1`] = `
{
  "match": true,
  "value": {
    "nodes": [
      {
        "charCode": 104,
        "end": 0,
        "kind": "Char",
        "start": 0,
        "type": "Simple",
        "value": "h",
      },
      {
        "charCode": 101,
        "end": 1,
        "kind": "Char",
        "start": 1,
        "type": "Simple",
        "value": "e",
      },
      {
        "charCode": 108,
        "end": 2,
        "kind": "Char",
        "start": 2,
        "type": "Simple",
        "value": "l",
      },
      {
        "charCode": 108,
        "end": 3,
        "kind": "Char",
        "start": 3,
        "type": "Simple",
        "value": "l",
      },
      {
        "charCode": 111,
        "end": 4,
        "kind": "Char",
        "start": 4,
        "type": "Simple",
        "value": "o",
      },
    ],
    "token": LinkedListNode {
      "_next": [Function],
      "_prev": [Function],
      "end": 4,
      "kind": 1,
      "start": 4,
      "value": "o",
    },
  },
}
`;
